/*---------------------------------------------------------------------------*\
| =========                 |                                                 |
| \\      /  F ield         | OpenFOAM: The Open Source CFD Toolbox           |
|  \\    /   O peration     | Version:  2512                                  |
|   \\  /    A nd           | Website:  www.openfoam.com                      |
|    \\/     M anipulation  |                                                 |
\*---------------------------------------------------------------------------*/
Build  : _87ed40d2-20251219 OPENFOAM=2512 version=2512
Arch   : "LSB;label=32;scalar=64"
Exec   : checkMesh -case /work/cases/level2-flow10
Date   : Sep 23 2026
Time   : 16:17:46
Host   : f8becdd86797
PID    : 636
I/O    : uncollated
Case   : /work/cases/level2-flow10
nProcs : 1
trapFpe: Floating point exception trapping enabled (FOAM_SIGFPE).
memory pool : not available
fileModificationChecking : Monitoring run-time modified files using timeStampMaster (fileModificationSkew 5, maxFileModificationPolls 20)
allowSystemOperations : Allowing user-supplied system call operations

// * * * * * * * * * * * * * * * * * * * * * * * * * * * * * * * * * * * * * //
Create time

Create mesh for time = 0

Check mesh...

Time = 0

Mesh stats 
    points:           12250
    faces:            32904
    internal faces:   29304
    cells:            10368
    faces per cell:   6
    boundary patches: 6
    point zones:      0
    face zones:       0
    cell zones:       0

Overall number of cells of each type:
    hexahedra:     10368
    prisms:        0
    wedges:        0
    pyramids:      0
    tet wedges:    0
    tetrahedra:    0
    polyhedra:     0

Checking topology...
    Boundary definition OK.
    Cell to face addressing OK.
    Point usage OK.
    Upper triangular ordering OK.
    Face vertices OK.
    Number of regions: 1 (OK).

Checking patch topology for multiply connected surfaces...
    Patch               Faces    Points     Surface topology
    xmin                432      490      ok (non-closed singly connected)  
    xmax                432      490      ok (non-closed singly connected)  
    ymin                1152     1225     ok (non-closed singly connected)  
    ymax                1152     1225     ok (non-closed singly connected)  
    zmin                216      250      ok (non-closed singly connected)  
    zmax                216      250      ok (non-closed singly connected)  
    ".*"                3600     3602     ok (closed singly connected)      


Checking faceZone topology for multiply connected surfaces...
    No faceZones found.

Checking basic cellZone addressing...
    No cellZones found.

Checking basic pointZone addressing...
    No pointZones found.

Checking geometry...
    Overall domain bounding box (-0.01 -0.003 -0.02) (0.01 0.003 0.02)
    Mesh has 3 geometric (non-empty/wedge) directions (1 1 1)
    Mesh has 3 solution (non-empty) directions (1 1 1)
    Boundary openness (6.51704228814171e-17 2.31382383759653e-17 7.9409338805088e-18) OK.
    Max cell openness = 1.9058241313222e-16 OK.
    Max aspect ratio = 1.25000000000012 OK.
    Minimum face area = 5.55555555555526e-07. Maximum face area = 6.94444444444507e-07.  Face area magnitudes OK.
    Min volume = 4.62962962962936e-10. Max volume = 4.62962962963008e-10.  Total volume = 4.80000000000033e-06.  Cell volumes OK.
    Mesh non-orthogonality Max: 0 average: 0
    Non-orthogonality check OK.
    Face pyramids OK.
    Max skewness = 2.48277354080046e-14 OK.
    Coupled point location match (average 0) OK.

Mesh OK.

End

