/*---------------------------------------------------------------------------*\
| =========                 |                                                 |
| \\      /  F ield         | OpenFOAM: The Open Source CFD Toolbox           |
|  \\    /   O peration     | Version:  2512                                  |
|   \\  /    A nd           | Website:  www.openfoam.com                      |
|    \\/     M anipulation  |                                                 |
\*---------------------------------------------------------------------------*/
Build  : _87ed40d2-20251219 OPENFOAM=2512 version=2512
Arch   : "LSB;label=32;scalar=64"
Exec   : checkMesh -case /work/cases/level1-flow10
Date   : Sep 23 2026
Time   : 16:17:45
Host   : f8becdd86797
PID    : 627
I/O    : uncollated
Case   : /work/cases/level1-flow10
nProcs : 1
trapFpe: Floating point exception trapping enabled (FOAM_SIGFPE).
memory pool : not available
fileModificationChecking : Monitoring run-time modified files using timeStampMaster (fileModificationSkew 5, maxFileModificationPolls 20)
allowSystemOperations : Allowing user-supplied system call operations

// * * * * * * * * * * * * * * * * * * * * * * * * * * * * * * * * * * * * * //
Create time

Create mesh for time = 0

Check mesh...

Time = 0

Mesh stats 
    points:           3250
    faces:            8388
    internal faces:   7164
    cells:            2592
    faces per cell:   6
    boundary patches: 6
    point zones:      0
    face zones:       0
    cell zones:       0

Overall number of cells of each type:
    hexahedra:     2592
    prisms:        0
    wedges:        0
    pyramids:      0
    tet wedges:    0
    tetrahedra:    0
    polyhedra:     0

Checking topology...
    Boundary definition OK.
    Cell to face addressing OK.
    Point usage OK.
    Upper triangular ordering OK.
    Face vertices OK.
    Number of regions: 1 (OK).

Checking patch topology for multiply connected surfaces...
    Patch               Faces    Points     Surface topology
    xmin                216      250      ok (non-closed singly connected)  
    xmax                216      250      ok (non-closed singly connected)  
    ymin                288      325      ok (non-closed singly connected)  
    ymax                288      325      ok (non-closed singly connected)  
    zmin                108      130      ok (non-closed singly connected)  
    zmax                108      130      ok (non-closed singly connected)  
    ".*"                1224     1226     ok (closed singly connected)      


Checking faceZone topology for multiply connected surfaces...
    No faceZones found.

Checking basic cellZone addressing...
    No cellZones found.

Checking basic pointZone addressing...
    No pointZones found.

Checking geometry...
    Overall domain bounding box (-0.01 -0.003 -0.02) (0.01 0.003 0.02)
    Mesh has 3 geometric (non-empty/wedge) directions (1 1 1)
    Mesh has 3 solution (non-empty) directions (1 1 1)
    Boundary openness (2.80214563369691e-17 4.65503020581572e-17 5.20268081826462e-18) OK.
    Max cell openness = 1.90582413132217e-16 OK.
    Max aspect ratio = 2.50000000000008 OK.
    Minimum face area = 1.11111111111105e-06. Maximum face area = 2.77777777777784e-06.  Face area magnitudes OK.
    Min volume = 1.85185185185175e-09. Max volume = 1.85185185185191e-09.  Total volume = 4.79999999999999e-06.  Cell volumes OK.
    Mesh non-orthogonality Max: 0 average: 0
    Non-orthogonality check OK.
    Face pyramids OK.
    Max skewness = 1.23065833480155e-14 OK.
    Coupled point location match (average 0) OK.

Mesh OK.

End

